// Jest Snapshot v1, https://goo.gl/fbAQLP

exports[`Card Snapshots should match snapshot 1`] = `
Object {
  "asFragment": [Function],
  "baseElement": <body>
    <div>
      <section
        class="component"
        data-testid="card-container"
      >
        <header
          class="row"
        >
          <div
            class="col"
          >
            <h2
              class="title"
              data-testid="card-title"
            >
              USD - American Dollar
            </h2>
            <h3
              class="type"
              data-testid="card-type"
            >
              USD
            </h3>
          </div>
        </header>
        <main
          class="balance"
          data-testid="card-balance"
        >
          $
           
          25
        </main>
      </section>
    </div>
  </body>,
  "container": <div>
    <section
      class="component"
      data-testid="card-container"
    >
      <header
        class="row"
      >
        <div
          class="col"
        >
          <h2
            class="title"
            data-testid="card-title"
          >
            USD - American Dollar
          </h2>
          <h3
            class="type"
            data-testid="card-type"
          >
            USD
          </h3>
        </div>
      </header>
      <main
        class="balance"
        data-testid="card-balance"
      >
        $
         
        25
      </main>
    </section>
  </div>,
  "debug": [Function],
  "findAllByAltText": [Function],
  "findAllByDisplayValue": [Function],
  "findAllByLabelText": [Function],
  "findAllByPlaceholderText": [Function],
  "findAllByRole": [Function],
  "findAllByTestId": [Function],
  "findAllByText": [Function],
  "findAllByTitle": [Function],
  "findByAltText": [Function],
  "findByDisplayValue": [Function],
  "findByLabelText": [Function],
  "findByPlaceholderText": [Function],
  "findByRole": [Function],
  "findByTestId": [Function],
  "findByText": [Function],
  "findByTitle": [Function],
  "getAllByAltText": [Function],
  "getAllByDisplayValue": [Function],
  "getAllByLabelText": [Function],
  "getAllByPlaceholderText": [Function],
  "getAllByRole": [Function],
  "getAllByTestId": [Function],
  "getAllByText": [Function],
  "getAllByTitle": [Function],
  "getByAltText": [Function],
  "getByDisplayValue": [Function],
  "getByLabelText": [Function],
  "getByPlaceholderText": [Function],
  "getByRole": [Function],
  "getByTestId": [Function],
  "getByText": [Function],
  "getByTitle": [Function],
  "queryAllByAltText": [Function],
  "queryAllByDisplayValue": [Function],
  "queryAllByLabelText": [Function],
  "queryAllByPlaceholderText": [Function],
  "queryAllByRole": [Function],
  "queryAllByTestId": [Function],
  "queryAllByText": [Function],
  "queryAllByTitle": [Function],
  "queryByAltText": [Function],
  "queryByDisplayValue": [Function],
  "queryByLabelText": [Function],
  "queryByPlaceholderText": [Function],
  "queryByRole": [Function],
  "queryByTestId": [Function],
  "queryByText": [Function],
  "queryByTitle": [Function],
  "rerender": [Function],
  "unmount": [Function],
}
`;
